// Jest Snapshot v1, https://goo.gl/fbAQLP

exports[`renders homepage unchanged 1`] = `
<div>
  <div
    class="grid grid-rows-[20px_1fr_20px] items-center justify-items-center min-h-screen p-8 pb-20 gap-16 sm:p-20 font-[family-name:var(--font-geist-sans)]"
  >
    <main
      class="flex flex-col gap-[32px] row-start-2 items-center sm:items-start"
    >
      <h1
        class="text-4xl font-bold text-center sm:text-left"
      >
        Welcome...
      </h1>
    </main>
  </div>
</div>
`;
